guids


guid_0
guid_1
guid_2
guid_0
guid_0 and text