{
  "greeting": "Hi!!!!",
  "list": [
    {
      "greeting": "Why hello!!!"
    },
    {
      "greeting": "Why hello!!!"
    }
  ]
}